// Jest Snapshot v1, https://goo.gl/fbAQLP

exports[`renders correctly 1`] = `
<div
  className="tab-bar"
>
  <div
    className="tab-item tab_italic"
    onClick={[Function]}
  >
    hello
  </div>
</div>
`;
